ASxxxx Linker V03.00 + NoICE + sdld,  page 1.
Hexadecimal  [32-Bits]

Area                                    Addr        Size        Decimal Bytes (Attributes)
--------------------------------        ----        ----        ------- ----- ------------
.  .ABS.                            00000000    00000000 =           0. bytes (ABS,CON)

      Value  Global                              Global Defined In Module
      -----  --------------------------------   ------------------------
     00000000  .__.ABS.                           cpct_strings
     00000000  l__CABS                         
     00000000  l__DABS                         
     00000000  l__DATA                         
     00000000  l__GSFINAL                      
     00000000  l__GSINIT                       
     00000000  l__HOME                         
     00000000  l__INITIALIZED                  
     00000000  l__INITIALIZER                  
     00000000  l___song_principal              
     00000000  s__CABS                         
     00000000  s__DABS                         
     00000000  s___song_principal              
     00000000  s___song_principal0             
     000000F6  l___song_principal0             
     00000101  Key_CursorLeft                     cpct_keyboard
     00000200  Key_CursorRight                    cpct_keyboard
     00000400  Key_CursorDown                     cpct_keyboard
     00004000  s__CODE                         
     000059C1  l__CODE                         
     000099C1  s__DATA                         
     000099C1  s__GSFINAL                      
     000099C1  s__GSINIT                       
     000099C1  s__HOME                         
     000099C1  s__INITIALIZED                  
     000099C1  s__INITIALIZER                  
     0000FFFF  patrol_invalid_move_x              cpct_keyboard
ASxxxx Linker V03.00 + NoICE + sdld,  page 2.
Hexadecimal  [32-Bits]

Area                                    Addr        Size        Decimal Bytes (Attributes)
--------------------------------        ----        ----        ------- ----- ------------
_CODE                               00004000    000059C1 =       22977. bytes (REL,CON)

      Value  Global                              Global Defined In Module
      -----  --------------------------------   ------------------------
     00004000  _main_pl2                          restart
     00004010  _sp_restart                        restart
     00006EF0  _main_pl                           rojo_grande
     00006F00  _sp_rojo_grande                    rojo_grande
     000070E0  _main_pal3                         suelo_rojo
     000070F0  _sp_rojo                           suelo_rojo
     00007168  _main_pal2                         final
     00007178  _sp_final                          final
     000071B8  _main_pal1                         platVertical30
     000071C8  _sp_platV30                        platVertical30
     00007204  _main_pal0                         suelo
     00007214  _sp_suelo                          suelo
     000073A4  _main_pal11                        plataforma30
     000073B4  _sp_plat                           plataforma30
     0000742C  _main_pal12                        bala
     0000743C  _sp_bala                           bala
     00007444  _main_pal13                        sword
     00007454  _sp_sword                          sword
     00007474  _main_pal111                       redball
     00007484  _sp_redball                        redball
     000074A4  _main_pal32                        char_multi_2
     000074B4  _sp_char_multi2                    char_multi_2
     000074F4  _main_pal31                        char_multi_1
     00007504  _sp_char_multi1                    char_multi_1
     00007544  _main_pal                          mainchar
     00007554  _sp_mainchar                       mainchar
     00007596  inc_level                          cpct_keyboard
     0000759E  set_level                          cpct_keyboard
     000075A2  set_multiplayer                    cpct_keyboard
     000075A8  set_individual                     cpct_keyboard
     000075AE  _main                              cpct_keyboard
     000075D1  startCreditos                      cpct_keyboard
     000075E0  start_game                         cpct_keyboard
     00007673  menu_nivel_multi                   cpct_keyboard
     0000767E  menu_restart                       cpct_keyboard
     000076A0  sys_ai_control_init                cpct_keyboard
     000076A7  sys_ai_nothing                     cpct_keyboard
     000076A8  sys_ai_stand_by                    cpct_keyboard
     000076C5  sys_ai_move_to                     cpct_keyboard
     00007754  sys_ai_control_update              cpct_keyboard
     0000777F  sys_ai_patrol                      cpct_keyboard
     000077AD  sys_death_update                   cpct_keyboard
     000077BA  sys_death_update_multi             cpct_keyboard
     000077D8  sys_collision_init                 cpct_keyboard
     000077D9  sys_collision_update_hero          cpct_keyboard
     00007881  sys_collision_check                cpct_keyboard
     000078D0  sys_collision_update_dmg           cpct_keyboard
     00007976  sys_collision_check_balas          cpct_keyboard
     0000799C  sys_collision_update_hero2         cpct_keyboard
     00007A4B  sys_input_init                     cpct_keyboard
ASxxxx Linker V03.00 + NoICE + sdld,  page 3.
Hexadecimal  [32-Bits]

Area                                    Addr        Size        Decimal Bytes (Attributes)
--------------------------------        ----        ----        ------- ----- ------------
_CODE                               00004000    000059C1 =       22977. bytes (REL,CON)

      Value  Global                              Global Defined In Module
      -----  --------------------------------   ------------------------
     00007A4F  sys_input_update                   cpct_keyboard
     00007AEA  sys_eren_init                      cpct_keyboard
     00007B06  sys_eren_update                    cpct_keyboard
     00007B0A  sys_eren_render_entities           cpct_keyboard
     00007B6A  sys_eren_borrar                    cpct_keyboard
     00007B90  sys_jump_start                     cpct_keyboard
     00007B99  sys_jump_control                   cpct_keyboard
     00007BB5  sys_jump_stop                      cpct_keyboard
     00007BBC  sys_physics_init                   cpct_keyboard
     00007BBD  sys_physics_update                 cpct_keyboard
     00007C17  sys_dash_update                    cpct_keyboard
     00007C98  man_level1_multi_init              
     00007D6C  man_level2_multi_init              
     00007ECB  man_level3_multi_init              
     00007F62  man_game_render                    cpct_keyboard
     00007F69  man_game_init                      cpct_keyboard
     00007F85  man_game_update                    cpct_keyboard
     00007FAA  man_game_update_multi              cpct_keyboard
     00007FFE  man_patrol_get                     
     00008009  man_patrol_init                    
     00008066  man_level1_init                    
     00008196  man_level2_init                    
     000082C8  man_level3_init                    
     000083EE  man_level4_init                    
     0000852B  man_level5_init                    
     0000866E  man_level6_init                    
     000087C8  man_level7_init                    
     00008818  man_multiplayer_input_update       cpct_keyboard
     000088AB  string_titulo                      cpct_keyboard
     000088B9  string_start                       cpct_keyboard
     000088C1  string_multi                       cpct_keyboard
     000088CD  string_arcade                      cpct_keyboard
     000088D4  string_creditos                    cpct_keyboard
     000088DC  string_cred_linea1                 cpct_keyboard
     000088EC  string_cred_linea2                 cpct_keyboard
     000088FE  string_restart_1                   cpct_keyboard
     0000890C  string_restart_2                   cpct_keyboard
     0000891A  string_restart_normal1             cpct_keyboard
     0000892D  string_restart_normal2             cpct_keyboard
     0000893C  string_elige_nivel                 cpct_keyboard
     0000894C  string_elige_nivel2                cpct_keyboard
     00008961  man_menu_inicial_init              cpct_keyboard
     000089BB  man_menu_inicial_update            cpct_keyboard
     00008A71  man_menu_creditos_init             cpct_keyboard
     00008AB1  man_menu_creditos_update           cpct_keyboard
     00008AB2  man_menu_restart_init              cpct_keyboard
     00008AD8  man_menu_restart_init_multi_1      cpct_keyboard
     00008B1D  man_menu_restart_init_multi_2      cpct_keyboard
     00008B62  man_menu_restart_update            cpct_keyboard
     00008B70  F_restart_NotPressed               cpct_keyboard
     00008B71  man_menu_nivel_update              cpct_keyboard
ASxxxx Linker V03.00 + NoICE + sdld,  page 4.
Hexadecimal  [32-Bits]

Area                                    Addr        Size        Decimal Bytes (Attributes)
--------------------------------        ----        ----        ------- ----- ------------
_CODE                               00004000    000059C1 =       22977. bytes (REL,CON)

      Value  Global                              Global Defined In Module
      -----  --------------------------------   ------------------------
     00008BA5  man_menu_nivel_init                cpct_keyboard
     00008C07  _entity_array                      cpct_keyboard
     00008DD3  man_entity_getArray                cpct_keyboard
     00008DDB  man_entity_init                    cpct_keyboard
     00008DE6  man_entity_new                     cpct_keyboard
     00008DF7  man_entity_create                  cpct_keyboard
     00008E03  man_entity_delete                  cpct_keyboard
     00008E3C  man_entity_crearBala               cpct_keyboard
     00008E84  man_escape_update                  cpct_keyboard
     00008E91  _cpct_isKeyPressed                 cpct_keyboard
     00008E91  cpct_isKeyPressed_asm              cpct_keyboard
     00008E9D  _cpct_scanKeyboard_f               cpct_keyboard
     00008E9D  cpct_scanKeyboard_f_asm            cpct_keyboard
     00008F07  cpct_setPalette_asm                cpct_video
     00008F1A  cpct_setPALColour_asm              cpct_video
     00008F24  _cpct_akp_digidrumStatus           cpct_audio
     00008F25  _cpct_akp_songLoopTimes            cpct_audio
     00008F26  _cpct_akp_musicPlay                cpct_audio
     00008F26  cpct_akp_musicPlay_asm             cpct_audio
     00009629  _cpct_akp_musicInit                cpct_audio
     00009630  cpct_akp_musicInit_asm             cpct_audio
     00009689  _cpct_akp_stop                     cpct_audio
     00009689  cpct_akp_stop_asm                  cpct_audio
     0000969C  _cpct_akp_SFXGetInstrument         cpct_audio
     000096A1  cpct_akp_SFXGetInstrument_asm      cpct_audio
     000096B5  _cpct_akp_SFXInit                  cpct_audio
     000096BC  cpct_akp_SFXInit_asm               cpct_audio
     000096C3  _cpct_akp_SFXStopAll               cpct_audio
     000096C3  cpct_akp_SFXStopAll_asm            cpct_audio
     000096D0  _cpct_akp_SFXPlay                  cpct_audio
     000096E2  cpct_akp_SFXPlay_asm               cpct_audio
     0000972F  _cpct_akp_SFXStop                  cpct_audio
     00009734  cpct_akp_SFXStop_asm               cpct_audio
     0000974D  cpct_drawStringM0_asm              cpct_strings
     00009773  cpct_drawCharM0_inner_asm          cpct_strings
     000097D3  dc_2pxtableM0                      cpct_strings
     000097D7  cpct_drawSprite_asm                cpct_sprites
     00009877  _cpct_keyboardStatusBuffer         cpct_keyboard
     00009881  _cpct_waitVSYNC                    cpct_video
     00009881  cpct_waitVSYNC_asm                 cpct_video
     00009889  cpct_setVideoMode_asm              cpct_video
     00009896  _cpct_disableFirmware              cpct_firmware
     00009896  _cpct_removeInterruptHandler       cpct_firmware
     00009896  cpct_disableFirmware_asm           cpct_firmware
     00009896  cpct_removeInterruptHandler_asm    cpct_firmware
     000098A6  cpct_drawSolidBox_asm              cpct_sprites
     0000994A  cpct_drawSpriteBlended_asm         cpct_sprites
     00009950  _cpct_dsb_blendFunction            cpct_sprites
     00009971  _cpct_mode_rom_status              cpct_firmware
     00009972  cpct_setDrawCharM0_asm             cpct_strings
     00009995  cpct_getScreenPtr_asm              cpct_video
ASxxxx Linker V03.00 + NoICE + sdld,  page 5.
Hexadecimal  [32-Bits]

Area                                    Addr        Size        Decimal Bytes (Attributes)
--------------------------------        ----        ----        ------- ----- ------------
_CODE                               00004000    000059C1 =       22977. bytes (REL,CON)

      Value  Global                              Global Defined In Module
      -----  --------------------------------   ------------------------
     000099B1  dc_mode0_ct                        cpct_strings
ASxxxx Linker V03.00 + NoICE + sdld,  page 6.
Hexadecimal  [32-Bits]

Area                                    Addr        Size        Decimal Bytes (Attributes)
--------------------------------        ----        ----        ------- ----- ------------
__song_principal0                   00000000    000000F6 =         246. bytes (ABS,CON)

      Value  Global                              Global Defined In Module
      -----  --------------------------------   ------------------------
     00000040  _song_principal                    

ASxxxx Linker V03.00 + NoICE + sdld,  page 7.

Files Linked                              [ module(s) ]

obj/assets/sprites/restart.rel            [ restart ]
obj/assets/sprites/rojo_grande.rel        [ rojo_grande ]
obj/assets/sprites/suelo_rojo.rel         [ suelo_rojo ]
obj/assets/sprites/final.rel              [ final ]
obj/assets/sprites/platVertical30.rel     [ platVertical30 ]
obj/assets/sprites/suelo.rel              [ suelo ]
obj/assets/sprites/plataforma30.rel       [ plataforma30 ]
obj/assets/sprites/bala.rel               [ bala ]
obj/assets/sprites/sword.rel              [ sword ]
obj/assets/sprites/redball.rel            [ redball ]
obj/assets/sprites/char_multi_2.rel       [ char_multi_2 ]
obj/assets/sprites/char_multi_1.rel       [ char_multi_1 ]
obj/assets/sprites/mainchar.rel           [ mainchar ]
obj/assets/music/musica_principal.rel     [  ]
obj/main.rel                              [ cpct_keyboard ]
obj/main.h.rel                            [  ]
obj/sys/sys_ai_control.rel                [ cpct_keyboard ]
obj/sys/sys_death.rel                     [ cpct_keyboard ]
obj/sys/sys_death.h.rel                   [  ]
obj/sys/sys_collision.rel                 [ cpct_keyboard ]
obj/sys/sys_input.rel                     [ cpct_keyboard ]
obj/sys/sys_input.h.rel                   [  ]
obj/sys/sys_jump.h.rel                    [  ]
obj/sys/sys_dash.h.rel                    [  ]
obj/sys/sys_render.rel                    [ cpct_keyboard ]
obj/sys/sys_jump.rel                      [ cpct_keyboard ]
obj/sys/sys_physics.h.rel                 [  ]
obj/sys/sys_physics.rel                   [ cpct_keyboard ]
obj/sys/sys_dash.rel                      [ cpct_keyboard ]
obj/sys/sys_collision.h.rel               [  ]
obj/sys/sys_ai_control.h.rel              [  ]
obj/sys/sys_render.h.rel                  [  ]
obj/man/man_multi_levels.rel              [  ]
obj/man/man_game.rel                      [ cpct_keyboard ]
obj/man/man_patrol.rel                    [  ]
obj/man/man_one_levels.h.rel              [  ]
obj/man/man_one_levels.rel                [  ]
obj/man/man_patrol.h.rel                  [  ]
obj/man/man_entity.h.rel                  [  ]
obj/man/man_multiplayer.rel               [ cpct_keyboard ]
obj/man/man_escape.h.rel                  [  ]
obj/man/man_game.h.rel                    [  ]
obj/man/man_menu.rel                      [ cpct_keyboard ]
obj/man/man_multiplayer.h.rel             [  ]
obj/man/man_entity.rel                    [ cpct_keyboard ]
obj/man/man_menu.h.rel                    [  ]
obj/man/man_escape.rel                    [ cpct_keyboard ]
obj/man/man_multi_levels.h.rel            [  ]
obj/assets/assets.h.rel                   [  ]
obj/cmp/entity.h.rel                      [  ]
obj/cmp/array_structure.h.rel             [  ]


Libraries Linked                          [ object file ]

/home/marc/Documents/amstrad/cpctelera/cpctelera/cpctelera.lib
                                          [ cpct_isKeyPressed.rel ]
/home/marc/Documents/amstrad/cpctelera/cpctelera/cpctelera.lib
                                          [ cpct_scanKeyboard_f.rel ]
/home/marc/Documents/amstrad/cpctelera/cpctelera/cpctelera.lib
                                          [ cpct_setPalette_asmbindings.rel ]
/home/marc/Documents/amstrad/cpctelera/cpctelera/cpctelera.lib
                                          [ cpct_setPALColour_asmbindings.re ]
/home/marc/Documents/amstrad/cpctelera/cpctelera/cpctelera.lib
                                          [ arkostracker.rel ]
/home/marc/Documents/amstrad/cpctelera/cpctelera/cpctelera.lib
                                          [ cpct_drawStringM0_asmbindings.re ]
/home/marc/Documents/amstrad/cpctelera/cpctelera/cpctelera.lib
                                          [ cpct_drawCharM0_inner.rel ]
/home/marc/Documents/amstrad/cpctelera/cpctelera/cpctelera.lib
                                          [ cpct_drawSprite_asmbindings.rel ]
/home/marc/Documents/amstrad/cpctelera/cpctelera/cpctelera.lib
                                          [ keyboard.rel ]
/home/marc/Documents/amstrad/cpctelera/cpctelera/cpctelera.lib
                                          [ cpct_waitVSYNC.rel ]
/home/marc/Documents/amstrad/cpctelera/cpctelera/cpctelera.lib
                                          [ cpct_setVideoMode_asmbindings.re ]
/home/marc/Documents/amstrad/cpctelera/cpctelera/cpctelera.lib
                                          [ cpct_removeInterruptHandler.rel ]
/home/marc/Documents/amstrad/cpctelera/cpctelera/cpctelera.lib
                                          [ cpct_drawSolidBox_asmbindings.re ]
/home/marc/Documents/amstrad/cpctelera/cpctelera/cpctelera.lib
                                          [ cpct_drawSpriteBlended_asmbindin ]
/home/marc/Documents/amstrad/cpctelera/cpctelera/cpctelera.lib
                                          [ cpc_mode_rom_status.rel ]
/home/marc/Documents/amstrad/cpctelera/cpctelera/cpctelera.lib
                                          [ cpct_setDrawCharM0_asmbindings.r ]
/home/marc/Documents/amstrad/cpctelera/cpctelera/cpctelera.lib
                                          [ cpct_getScreenPtr_asmbindings.re ]
/home/marc/Documents/amstrad/cpctelera/cpctelera/cpctelera.lib
                                          [ cpct_dc_mode0_ct.rel ]

ASxxxx Linker V03.00 + NoICE + sdld,  page 8.

User Base Address Definitions

_CODE = 0x4000
_DATA = 0x0000

